
Copyright (C) 1994-2023 Synopsys, Inc.
This Synopsys software and all associated documentation are proprietary to Synopsys, Inc.
and may only be used pursuant to the terms and conditions of a written license agreement
with Synopsys, Inc. All other use, reproduction, modification, or distribution of the
Synopsys software or the associated documentation is strictly prohibited.
Tool: Synplify Pro (R)
Build: U-2023.03LR-SP1-2
Install: C:\lscc\radiant\2023.2\synpbase
OS: Windows 10 or later
Hostname: MS_DHOLMES

Implementation : LPM_design

# Written on Tue Jul 23 09:46:10 2024

##### DESIGN INFO #######################################################

Top View:                "AGC_mod"
Constraint File(s):      (none)




##### SUMMARY ############################################################

Found 0 issues in 0 out of 0 constraints


##### DETAILS ############################################################



Clock Relationships
*******************

Starting          Ending            |     rise to rise     |     fall to fall     |     rise to fall     |     fall to rise                     
-----------------------------------------------------------------------------------------------------------------------------------------------
AGC_mod|clk_i     AGC_mod|clk_i     |     5.000            |     No paths         |     No paths         |     No paths                         
===============================================================================================================================================
 Note: 'No paths' indicates there are no paths in the design for that pair of clock edges.
       'Diff grp' indicates that paths exist but the starting clock and ending clock are in different clock groups.


Unconstrained Start/End Points
******************************

p:AGC_set_val_i[0]
p:AGC_set_val_i[1]
p:AGC_set_val_i[2]
p:AGC_set_val_i[3]
p:AGC_set_val_i[4]
p:AGC_set_val_i[5]
p:AGC_set_val_i[6]
p:AGC_set_val_i[7]
p:AQ_DAC_CS_o
p:AQ_DAC_SDO_o
p:rst_i
p:trig_i


Inapplicable constraints
************************

(none)


Applicable constraints with issues
**********************************

(none)


Constraints with matching wildcard expressions
**********************************************

(none)


Library Report
**************


# End of Constraint Checker Report
